###############################################################################
#
# IAR ELF Linker V3.10.1.201 for STM8                     03/Apr/2018  20:02:33
# Copyright 2010-2017 IAR Systems AB.
#
#    Output file  =  
#        D:\workspaceNew\HGN_LVTN\Source\STM8S_Slave\Project\Debug\Exe\STM8S_Slave.out
#    Map file     =  
#        D:\workspaceNew\HGN_LVTN\Source\STM8S_Slave\Project\Debug\List\STM8S_Slave.map
#    Command line =  
#        -f C:\Users\HgN\AppData\Local\Temp\EWD38A.tmp
#        (D:\workspaceNew\HGN_LVTN\Source\STM8S_Slave\Project\Debug\Obj\button.o
#        D:\workspaceNew\HGN_LVTN\Source\STM8S_Slave\Project\Debug\Obj\device.o
#        D:\workspaceNew\HGN_LVTN\Source\STM8S_Slave\Project\Debug\Obj\ds18b20.o
#        D:\workspaceNew\HGN_LVTN\Source\STM8S_Slave\Project\Debug\Obj\eeprom.o
#        D:\workspaceNew\HGN_LVTN\Source\STM8S_Slave\Project\Debug\Obj\gpio.o
#        D:\workspaceNew\HGN_LVTN\Source\STM8S_Slave\Project\Debug\Obj\i2c.o
#        D:\workspaceNew\HGN_LVTN\Source\STM8S_Slave\Project\Debug\Obj\led.o
#        D:\workspaceNew\HGN_LVTN\Source\STM8S_Slave\Project\Debug\Obj\main.o
#        D:\workspaceNew\HGN_LVTN\Source\STM8S_Slave\Project\Debug\Obj\protocol.o
#        D:\workspaceNew\HGN_LVTN\Source\STM8S_Slave\Project\Debug\Obj\random.o
#        D:\workspaceNew\HGN_LVTN\Source\STM8S_Slave\Project\Debug\Obj\reg.o
#        D:\workspaceNew\HGN_LVTN\Source\STM8S_Slave\Project\Debug\Obj\stm8s_adc1.o
#        D:\workspaceNew\HGN_LVTN\Source\STM8S_Slave\Project\Debug\Obj\stm8s_clk.o
#        D:\workspaceNew\HGN_LVTN\Source\STM8S_Slave\Project\Debug\Obj\stm8s_gpio.o
#        D:\workspaceNew\HGN_LVTN\Source\STM8S_Slave\Project\Debug\Obj\stm8s_i2c.o
#        D:\workspaceNew\HGN_LVTN\Source\STM8S_Slave\Project\Debug\Obj\stm8s_tim2.o
#        D:\workspaceNew\HGN_LVTN\Source\STM8S_Slave\Project\Debug\Obj\stm8s_tim4.o
#        D:\workspaceNew\HGN_LVTN\Source\STM8S_Slave\Project\Debug\Obj\stm8s_uart1.o
#        D:\workspaceNew\HGN_LVTN\Source\STM8S_Slave\Project\Debug\Obj\task.o
#        D:\workspaceNew\HGN_LVTN\Source\STM8S_Slave\Project\Debug\Obj\ticker.o
#        D:\workspaceNew\HGN_LVTN\Source\STM8S_Slave\Project\Debug\Obj\timer.o
#        D:\workspaceNew\HGN_LVTN\Source\STM8S_Slave\Project\Debug\Obj\uart.o
#        --redirect _Printf=_PrintfSmall --redirect _Scanf=_ScanfSmall -o
#        D:\workspaceNew\HGN_LVTN\Source\STM8S_Slave\Project\Debug\Exe\STM8S_Slave.out
#        --map
#        D:\workspaceNew\HGN_LVTN\Source\STM8S_Slave\Project\Debug\List\STM8S_Slave.map
#        --config D:\App\IAR\stm8\config\lnkstm8s103f3.icf --config_def
#        _CSTACK_SIZE=0x100 --config_def _HEAP_SIZE=0x100 --entry
#        __iar_program_start --debug_lib)
#
###############################################################################

*******************************************************************************
*** RUNTIME MODEL ATTRIBUTES
***

__Heap_Handler             = Basic
__SystemLibrary            = DLib
__code_model               = small
__core                     = stm8
__data_model               = medium
__dlib_file_descriptor     = 0
__dlib_full_locale_support = 0
__rt_version               = 4


*******************************************************************************
*** PLACEMENT SUMMARY
***

"A0":  place at start of [0x000000-0x0000ff] { rw section .vregs };
"A1":  place at end of [0x000000-0x0003ff] { block CSTACK };
"P2":  place in [from 0x000000 to 0x0003ff] {
          block HEAP, rw section __DLIB_PERTHREAD, rw section .far.bss,
          rw section .far.data, rw section .far.noinit,
          rw section .far_func.textrw, rw section .huge.bss,
          rw section .huge.data, rw section .huge.noinit,
          rw section .huge_func.textrw, rw section .iar.dynexit,
          rw section .near.bss, rw section .near.data, rw section .near.noinit,
          rw section .near_func.textrw };
"A2":  place at start of [0x008000-0x009fff] { block INTVEC };
"P3":  place in [from 0x008000 to 0x009fff] {
          ro section __DLIB_PERTHREAD_init, ro section .far.data_init,
          ro section .far_func.textrw_init, ro section .huge.data_init,
          ro section .huge_func.textrw_init, ro section .iar.init_table,
          ro section .init_array, ro section .near.data_init,
          ro section .near.rodata, ro section .near_func.text,
          ro section .near_func.textrw_init, ro section .tiny.data_init,
          ro section .tiny.rodata_init };
"P4":  place in [from 0x008000 to 0x009fff] {
          ro section .far.rodata, ro section .far_func.text };
"P5":  place in [from 0x008000 to 0x009fff] {
          ro section .huge.rodata, ro section .huge_func.text };
do not initialize {
   rw section .eeprom.noinit, rw section .far.noinit, rw section .huge.noinit,
   rw section .near.noinit, rw section .tiny.noinit, rw section .vregs };
initialize by copy {
   rw section .far.bss, rw section .far.data, rw section .far_func.textrw,
   rw section .huge.bss, rw section .huge.data, rw section .huge_func.textrw,
   rw section .iar.dynexit, rw section .near.bss, rw section .near.data,
   rw section .near_func.textrw, rw section .tiny.bss, rw section .tiny.data,
   ro section .tiny.rodata };

  Section            Kind      Address    Size  Object
  -------            ----      -------    ----  ------
"A0":                                     0x10
  .vregs             uninit   0x000000    0x10  vregs.o [4]
                            - 0x000010    0x10

"P2", part 1 of 3:                        0x16
  P2-1                        0x000010    0x16  <Init block>
    .near.data       inited   0x000010     0x8  device.o [1]
    .near.data       inited   0x000018     0x4  device.o [1]
    .near.data       inited   0x00001c     0x6  led.o [1]
    .near.data       inited   0x000022     0x3  led.o [1]
    .near.data       inited   0x000025     0x1  uart.o [1]
                            - 0x000026    0x16

"P2", part 2 of 3:                       0x100
  HEAP                        0x000026   0x100  <Block>
    HEAP             uninit   0x000026   0x100  <Block tail>
                            - 0x000126   0x100

"P2", part 3 of 3:                        0xc0
  .near.bss          zero     0x000126    0x80  uart.o [1]
  .near.bss          zero     0x0001a6    0x20  reg.o [1]
  .near.bss          zero     0x0001c6     0x8  task.o [1]
  .near.bss          zero     0x0001ce     0x8  task.o [1]
  .near.bss          zero     0x0001d6     0x4  reg.o [1]
  .near.bss          zero     0x0001da     0x4  ticker.o [1]
  .near.bss          zero     0x0001de     0x4  xxmemxmalloc.o [4]
  .near.bss          zero     0x0001e2     0x2  xgetmemchunk.o [4]
  .near.bss          zero     0x0001e4     0x1  reg.o [1]
  .near.bss          zero     0x0001e5     0x1  uart.o [1]
                            - 0x0001e6    0xc0

"A1":                                    0x100
  CSTACK                      0x000300   0x100  <Block>
    CSTACK           uninit   0x000300   0x100  <Block tail>
                            - 0x000400   0x100

"A2":                                     0x80
  INTVEC                      0x008000    0x80  <Block>
    .intvec          const    0x008000    0x80  interrupt.o [4]
                            - 0x008080    0x80

"P3-P5":                                0x1c21
  .near_func.text    ro code  0x008080   0x222  stm8s_uart1.o [1]
  .near_func.text    ro code  0x0082a2   0x1e7  protocol.o [1]
  .near_func.text    ro code  0x008489   0x19a  stm8s_adc1.o [1]
  .near_func.text    ro code  0x008623   0x143  long.o [4]
  .near_func.text    ro code  0x008766   0x113  vreg_util.o [4]
  .near_func.text    ro code  0x008879   0x110  stm8s_gpio.o [1]
  .near_func.text    ro code  0x008989    0xfc  stm8s_adc1.o [1]
  .near_func.text    ro code  0x008a85    0xde  stm8s_clk.o [1]
  .near_func.text    ro code  0x008b63    0xdc  task.o [1]
  .near_func.text    ro code  0x008c3f    0xd3  xxmemxfree.o [4]
  .near_func.text    ro code  0x008d12    0xd0  stm8s_uart1.o [1]
  .near_func.text    ro code  0x008de2    0xbe  stm8s_adc1.o [1]
  .near_func.text    ro code  0x008ea0    0xbc  reg.o [1]
  .near_func.text    ro code  0x008f5c    0x9e  stm8s_uart1.o [1]
  .near_func.text    ro code  0x008ffa    0x9a  task.o [1]
  .near_func.text    ro code  0x009094    0x92  xxmemxmalloc.o [4]
  .near_func.text    ro code  0x009126    0x8f  protocol.o [1]
  .near_func.text    ro code  0x0091b5    0x8b  stm8s_clk.o [1]
  .near_func.text    ro code  0x009240    0x74  reg.o [1]
  .near_func.text    ro code  0x0092b4    0x73  task.o [1]
  .near_func.text    ro code  0x009327    0x63  xxmemxmalloc.o [4]
  .near_func.text    ro code  0x00938a    0x5b  reg.o [1]
  .near_func.text    ro code  0x0093e5    0x5b  task.o [1]
  .near_func.text    ro code  0x009440    0x59  stm8s_adc1.o [1]
  .near_func.text    ro code  0x009499    0x57  stm8s_clk.o [1]
  .near_func.text    ro code  0x0094f0    0x55  stm8s_adc1.o [1]
  .near_func.text    ro code  0x009545    0x55  stm8s_adc1.o [1]
  .near_func.text    ro code  0x00959a    0x50  task.o [1]
  .near_func.text    ro code  0x0095ea    0x4f  stm8s_clk.o [1]
  .near.rodata       const    0x009639    0x48  stm8s_uart1.o [1]
  .near.rodata       const    0x009681    0x47  stm8s_adc1.o [1]
  .near.rodata       const    0x0096c8    0x47  stm8s_gpio.o [1]
  .near_func.text    ro code  0x00970f    0x47  long_util.o [4]
  .near.rodata       const    0x009756    0x46  stm8s_clk.o [1]
  .near_func.text    ro code  0x00979c    0x3d  stm8s_clk.o [1]
  .near_func.text    ro code  0x0097d9    0x3a  random.o [1]
  .near_func.text    ro code  0x009813    0x38  protocol.o [1]
  .near_func.text    ro code  0x00984b    0x34  uart.o [1]
  .near_func.text    ro code  0x00987f    0x33  dc_util.o [4]
  .near_func.text    ro code  0x0098b2    0x31  device.o [1]
  .near_func.text    ro code  0x0098e3    0x31  stm8s_adc1.o [1]
  .near_func.text    ro code  0x009914    0x2f  stm8s_adc1.o [1]
  .near_func.text    ro code  0x009943    0x2f  stm8s_clk.o [1]
  .near_func.text    ro code  0x009972    0x2b  random.o [1]
  .near_func.text    ro code  0x00999d    0x28  protocol.o [1]
  .near_func.text    ro code  0x0099c5    0x28  uart.o [1]
  .near_func.text    ro code  0x0099ed    0x28  init_small.o [4]
  .near_func.text    ro code  0x009a15    0x25  ticker.o [1]
  .near_func.text    ro code  0x009a3a    0x25  uart.o [1]
  .near_func.text    ro code  0x009a5f    0x23  eeprom.o [1]
  .near_func.text    ro code  0x009a82    0x23  eeprom.o [1]
  .iar.init_table    const    0x009aa5    0x12  - Linker created -
  .near_func.text    ro code  0x009ab7    0x1f  short.o [4]
  .near_func.text    ro code  0x009ad6    0x1e  init_small.o [4]
  .near_func.text    ro code  0x009af4    0x1b  device.o [1]
  .near_func.text    ro code  0x009b0f    0x1b  led.o [1]
  .near_func.text    ro code  0x009b2a    0x1a  uart.o [1]
  .near_func.text    ro code  0x009b44    0x19  xgetmemchunk.o [4]
  .near_func.text    ro code  0x009b5d    0x18  uart.o [1]
  Initializer bytes  const    0x009b75    0x16  <for P2-1>
  .near_func.text    ro code  0x009b8b    0x15  device.o [1]
  .near_func.text    ro code  0x009ba0    0x15  main.o [1]
  .near_func.text    ro code  0x009bb5    0x15  timer.o [1]
  .near_func.text    ro code  0x009bca    0x14  gpio.o [1]
  .near_func.text    ro code  0x009bde    0x14  init.o [4]
  .near_func.text    ro code  0x009bf2    0x14  __dbg_xxexit.o [3]
  .near_func.text    ro code  0x009c06    0x13  device.o [1]
  .near_func.text    ro code  0x009c19    0x13  cstartup.o [4]
  .near_func.text    ro code  0x009c2c     0xf  gpio.o [1]
  .near_func.text    ro code  0x009c3b     0xd  move.o [4]
  .near_func.text    ro code  0x009c48     0xb  protocol.o [1]
  .near_func.text    ro code  0x009c53     0x9  eeprom.o [1]
  .near_func.text    ro code  0x009c5c     0x9  ticker.o [1]
  .near_func.text    ro code  0x009c65     0x7  xxmemxmalloc.o [4]
  .near_func.text    ro code  0x009c6c     0x5  stm8s_adc1.o [1]
  .near_func.text    ro code  0x009c71     0x5  timer.o [1]
  .near_func.text    ro code  0x009c76     0x5  timer.o [1]
  .near_func.text    ro code  0x009c7b     0x5  cexit.o [4]
  .near.rodata       const    0x009c80     0x4  stm8s_clk.o [1]
  .near.rodata       const    0x009c84     0x4  task.o [1]
  .near.rodata       const    0x009c88     0x4  task.o [1]
  .near_func.text    ro code  0x009c8c     0x3  gpio.o [1]
  .near_func.text    ro code  0x009c8f     0x3  random.o [1]
  .near_func.text    ro code  0x009c92     0x3  interrupt.o [4]
  .near_func.text    ro code  0x009c95     0x3  low_level_init.o [4]
  .near_func.text    ro code  0x009c98     0x3  exit.o [4]
  .near_func.text    ro code  0x009c9b     0x3  unhandled_exception.o [4]
  .near_func.text    ro code  0x009c9e     0x2  main.o [1]
  .near_func.text    ro code  0x009ca0     0x1  __dbg_break.o [3]
                            - 0x009ca1  0x1c21


*******************************************************************************
*** INIT TABLE
***

          Address   Size
          -------   ----
Zero (__iar_zero_init2)
    1 destination range, total size 0xc0:
          0x000126  0xc0

Copy (__iar_copy_init2)
    1 source range, total size 0x16:
          0x009b75  0x16
    1 destination range, total size 0x16:
          0x000010  0x16



*******************************************************************************
*** MODULE SUMMARY
***

    Module                 ro code  ro data  rw data
    ------                 -------  -------  -------
D:\workspaceNew\HGN_LVTN\Source\STM8S_Slave\Project\Debug\Obj: [1]
    device.o                   116       12       12
    eeprom.o                    79
    gpio.o                      38
    led.o                       27        9        9
    main.o                      23
    protocol.o                 737
    random.o                   104
    reg.o                      395                37
    stm8s_adc1.o             1 212       71
    stm8s_clk.o                635       74
    stm8s_gpio.o               272       71
    stm8s_uart1.o              912       72
    task.o                     660        8       16
    ticker.o                    46                 4
    timer.o                     31
    uart.o                     179        1      130
    ------------------------------------------------
    Total:                   5 466      318      208

command line: [2]
    ------------------------------------------------
    Total:

dbgstm8smd.a: [3]
    __dbg_break.o                1
    __dbg_xxexit.o              20
    ------------------------------------------------
    Total:                      21

dlstm8smn.a: [4]
    cexit.o                      5
    cstartup.o                  19
    dc_util.o                   51
    exit.o                       3
    init.o                      20
    init_small.o                70
    interrupt.o                  3      128
    long.o                     323
    long_util.o                 71
    low_level_init.o             3
    move.o                      13
    short.o                     31
    unhandled_exception.o        3
    vreg_util.o                275
    vregs.o                                       16
    xgetmemchunk.o              25                 2
    xxmemxfree.o               211
    xxmemxmalloc.o             252                 4
    ------------------------------------------------
    Total:                   1 378      128       22

    Linker created                       18      512
----------------------------------------------------
    Grand Total:             6 865      464      742


*******************************************************************************
*** ENTRY LIST
***

Entry                    Address   Size  Type      Object
-----                    -------   ----  ----      ------
.iar.init_table$$Base   0x009aa5          --   Gb  - Linker created -
.iar.init_table$$Limit  0x009ab7          --   Gb  - Linker created -
?b0                     0x000000         Data  Gb  vregs.o [4]
?b1                     0x000001         Data  Gb  vregs.o [4]
?b10                    0x00000a         Data  Gb  vregs.o [4]
?b11                    0x00000b         Data  Gb  vregs.o [4]
?b12                    0x00000c         Data  Gb  vregs.o [4]
?b13                    0x00000d         Data  Gb  vregs.o [4]
?b14                    0x00000e         Data  Gb  vregs.o [4]
?b15                    0x00000f         Data  Gb  vregs.o [4]
?b2                     0x000002         Data  Gb  vregs.o [4]
?b3                     0x000003         Data  Gb  vregs.o [4]
?b4                     0x000004         Data  Gb  vregs.o [4]
?b5                     0x000005         Data  Gb  vregs.o [4]
?b6                     0x000006         Data  Gb  vregs.o [4]
?b7                     0x000007         Data  Gb  vregs.o [4]
?b8                     0x000008         Data  Gb  vregs.o [4]
?b9                     0x000009         Data  Gb  vregs.o [4]
?dc16_w0                0x00987f         Code  Gb  dc_util.o [4]
?dc32_l0                0x00988d         Code  Gb  dc_util.o [4]
?dc32_l1                0x00989a         Code  Gb  dc_util.o [4]
?dc32_px                0x0098a7         Code  Gb  dc_util.o [4]
?e0                     0x000001         Data  Gb  vregs.o [4]
?e1                     0x000005         Data  Gb  vregs.o [4]
?e2                     0x000009         Data  Gb  vregs.o [4]
?e3                     0x00000d         Data  Gb  vregs.o [4]
?epilogue_l2            0x008801         Code  Gb  vreg_util.o [4]
?epilogue_l2_l3         0x0087fe         Code  Gb  vreg_util.o [4]
?epilogue_l2_w6         0x008805         Code  Gb  vreg_util.o [4]
?epilogue_w4            0x00880c         Code  Gb  vreg_util.o [4]
?inc32_0x_0x            0x00862d         Code  Gb  long.o [4]
?inc32_l0_l0            0x008623         Code  Gb  long.o [4]
?inc32_l2_l2            0x008628         Code  Gb  long.o [4]
?l0                     0x000000         Data  Gb  vregs.o [4]
?l1                     0x000004         Data  Gb  vregs.o [4]
?l2                     0x000008         Data  Gb  vregs.o [4]
?l3                     0x00000c         Data  Gb  vregs.o [4]
?load32_0x_l0           0x009748         Code  Gb  long_util.o [4]
?load32_asp_l0          0x00973c         Code  Gb  long_util.o [4]
?load32_dbsp_l0         0x009737         Code  Gb  long_util.o [4]
?load32_l0_0x           0x00971f         Code  Gb  long_util.o [4]
?load32_l0_asp          0x009714         Code  Gb  long_util.o [4]
?load32_l0_dbsp         0x00970f         Code  Gb  long_util.o [4]
?load32_l0_xsp          0x009716         Code  Gb  long_util.o [4]
?load32_l1_0x           0x00972b         Code  Gb  long_util.o [4]
?load32_xsp_l0          0x00973e         Code  Gb  long_util.o [4]
?mov_e0_e2              0x008821         Code  Gb  vreg_util.o [4]
?mov_e0_e3              0x00882e         Code  Gb  vreg_util.o [4]
?mov_e1_e0              0x00883b         Code  Gb  vreg_util.o [4]
?mov_e1_e2              0x008848         Code  Gb  vreg_util.o [4]
?mov_e1_e3              0x008855         Code  Gb  vreg_util.o [4]
?mov_e2_e0              0x008862         Code  Gb  vreg_util.o [4]
?mov_e3_e0              0x00886f         Code  Gb  vreg_util.o [4]
?mov_l0_l2              0x00881e         Code  Gb  vreg_util.o [4]
?mov_l0_l3              0x00882b         Code  Gb  vreg_util.o [4]
?mov_l1_l0              0x008838         Code  Gb  vreg_util.o [4]
?mov_l1_l2              0x008845         Code  Gb  vreg_util.o [4]
?mov_l1_l3              0x008852         Code  Gb  vreg_util.o [4]
?mov_l2_l0              0x00885f         Code  Gb  vreg_util.o [4]
?mov_l3_l0              0x00886c         Code  Gb  vreg_util.o [4]
?mov_w0_w3              0x008810         Code  Gb  vreg_util.o [4]
?mov_w1_w5              0x008824         Code  Gb  vreg_util.o [4]
?mov_w1_w7              0x008831         Code  Gb  vreg_util.o [4]
?mov_w2_w1              0x008817         Code  Gb  vreg_util.o [4]
?mov_w3_w1              0x00883e         Code  Gb  vreg_util.o [4]
?mov_w3_w5              0x00884b         Code  Gb  vreg_util.o [4]
?mov_w3_w7              0x008858         Code  Gb  vreg_util.o [4]
?mov_w5_w1              0x008865         Code  Gb  vreg_util.o [4]
?mov_w7_w1              0x008872         Code  Gb  vreg_util.o [4]
?move1616_v_x_y_a       0x009c3b         Code  Gb  move.o [4]
?mul32_l0_l0_0x         0x008659         Code  Gb  long.o [4]
?mul32_l0_l0_dl         0x008656         Code  Gb  long.o [4]
?mul32_l0_l0_l1         0x008662         Code  Gb  long.o [4]
?pop_l0                 0x0087ca         Code  Gb  vreg_util.o [4]
?pop_l1                 0x0087d5         Code  Gb  vreg_util.o [4]
?pop_l2                 0x0087e0         Code  Gb  vreg_util.o [4]
?pop_l3                 0x0087eb         Code  Gb  vreg_util.o [4]
?pop_w4                 0x008783         Code  Gb  vreg_util.o [4]
?pop_w6                 0x00878a         Code  Gb  vreg_util.o [4]
?push_l0                0x008799         Code  Gb  vreg_util.o [4]
?push_l1                0x00879e         Code  Gb  vreg_util.o [4]
?push_l2                0x0087a3         Code  Gb  vreg_util.o [4]
?push_l3                0x0087a8         Code  Gb  vreg_util.o [4]
?push_w4                0x008766         Code  Gb  vreg_util.o [4]
?push_w6                0x00876b         Code  Gb  vreg_util.o [4]
?sll16_x_x_4            0x009acc         Code  Gb  short.o [4]
?sll16_x_x_5            0x009acb         Code  Gb  short.o [4]
?sll16_x_x_6            0x009aca         Code  Gb  short.o [4]
?sll16_x_x_a            0x009ac2         Code  Gb  short.o [4]
?sll32_0x_0x_a          0x008758         Code  Gb  long.o [4]
?sll32_l0_l0_a          0x008755         Code  Gb  long.o [4]
?srl16_x_x_4            0x009ad1         Code  Gb  short.o [4]
?sub32_l0_l0_0x         0x00863e         Code  Gb  long.o [4]
?sub32_l0_l0_l1         0x00863b         Code  Gb  long.o [4]
?udiv32_l0_dl_l1        0x0086e0         Code  Gb  long.o [4]
?udiv32_l0_l0_dl        0x0086e5         Code  Gb  long.o [4]
?udiv32_l0_l0_l1        0x0086e8         Code  Gb  long.o [4]
?umod32_l1_l0_l1        0x0086e8         Code  Gb  long.o [4]
?w0                     0x000000         Data  Gb  vregs.o [4]
?w1                     0x000002         Data  Gb  vregs.o [4]
?w2                     0x000004         Data  Gb  vregs.o [4]
?w3                     0x000006         Data  Gb  vregs.o [4]
?w4                     0x000008         Data  Gb  vregs.o [4]
?w5                     0x00000a         Data  Gb  vregs.o [4]
?w6                     0x00000c         Data  Gb  vregs.o [4]
?w7                     0x00000e         Data  Gb  vregs.o [4]
?xor16_x_x_dw           0x009ab7         Code  Gb  short.o [4]
?xor16_x_x_w0           0x009aba         Code  Gb  short.o [4]
ADC1_Cmd                0x009914   0x2f  Code  Gb  stm8s_adc1.o [1]
ADC1_ConversionConfig   0x008de2   0xbe  Code  Gb  stm8s_adc1.o [1]
ADC1_DeInit             0x0098e3   0x31  Code  Gb  stm8s_adc1.o [1]
ADC1_ExternalTriggerConfig
                        0x009440   0x59  Code  Gb  stm8s_adc1.o [1]
ADC1_GetConversionValue
                        0x009545   0x55  Code  Gb  stm8s_adc1.o [1]
ADC1_Init               0x008489  0x19a  Code  Gb  stm8s_adc1.o [1]
ADC1_PrescalerConfig    0x0094f0   0x55  Code  Gb  stm8s_adc1.o [1]
ADC1_SchmittTriggerConfig
                        0x008989   0xfc  Code  Gb  stm8s_adc1.o [1]
ADC1_StartConversion    0x009c6c    0x5  Code  Gb  stm8s_adc1.o [1]
CLK_AdjustHSICalibrationValue
                        0x0095ea   0x4f  Code  Gb  stm8s_clk.o [1]
CLK_GetClockFreq        0x009499   0x57  Code  Gb  stm8s_clk.o [1]
CLK_HSICmd              0x009943   0x2f  Code  Gb  stm8s_clk.o [1]
CLK_HSIPrescalerConfig  0x00979c   0x3d  Code  Gb  stm8s_clk.o [1]
CLK_PeripheralClockConfig
                        0x008a85   0xde  Code  Gb  stm8s_clk.o [1]
CLK_SYSCLKConfig        0x0091b5   0x8b  Code  Gb  stm8s_clk.o [1]
CSTACK$$Base            0x000300          --   Gb  - Linker created -
CSTACK$$Limit           0x000400          --   Gb  - Linker created -
GPIO_Init               0x008879  0x110  Code  Gb  stm8s_gpio.o [1]
HEAP$$Base              0x000026          --   Gb  - Linker created -
HEAP$$Limit             0x000126          --   Gb  - Linker created -
HSIDivFactor            0x009c80    0x4  Data  Gb  stm8s_clk.o [1]
INTVEC$$Base            0x008000          --   Gb  - Linker created -
INTVEC$$Limit           0x008080          --   Gb  - Linker created -
REG_CONFIG              0x0001e4    0x1  Data  Gb  reg.o [1]
REG_RO                  0x0001d6    0x4  Data  Gb  reg.o [1]
REG_RW                  0x0001a6   0x20  Data  Gb  reg.o [1]
Region$$Table$$Base     0x009aa5          --   Gb  - Linker created -
Region$$Table$$Limit    0x009ab7          --   Gb  - Linker created -
UART1_GetFlagStatus     0x008f5c   0x9e  Code  Gb  stm8s_uart1.o [1]
UART1_ITConfig          0x008d12   0xd0  Code  Gb  stm8s_uart1.o [1]
UART1_Init              0x008080  0x222  Code  Gb  stm8s_uart1.o [1]
__DebugBreak            0x009ca0    0x1  Code  Gb  __dbg_break.o [3]
__exit                  0x009bf2   0x14  Code  Gb  __dbg_xxexit.o [3]
__iar_copy_init2        0x0099ed         Code  Gb  init_small.o [4]
__iar_data_init2        0x009bde   0x14  Code  Gb  init.o [4]
__iar_program_start     0x009c19         Code  Gb  cstartup.o [4]
__iar_unhandled_exception
                        0x009c9b         Code  Gb  unhandled_exception.o [4]
__iar_zero_init2        0x009ad6         Code  Gb  init_small.o [4]
__intvec                0x008000         Data  Gb  interrupt.o [4]
__low_level_init        0x009c95    0x3  Code  Gb  low_level_init.o [4]
__near_Aldata           0x0001de    0x4  Data  Gb  xxmemxmalloc.o [4]
__near_GetMemChunk      0x009b44   0x19  Code  Gb  xgetmemchunk.o [4]
__near_GetMemChunk::start
                        0x0001e2    0x2  Data  Lc  xgetmemchunk.o [4]
__near_findmem          0x009327   0x63  Code  Lc  xxmemxmalloc.o [4]
_devicePin              0x000018    0x4  Data  Gb  device.o [1]
_devicePort             0x000010    0x8  Data  Gb  device.o [1]
_exit                   0x009c7b         Code  Gb  cexit.o [4]
_interrupt_15           0x009a15         Code  Gb  ticker.o [1]
_interrupt_20           0x00984b         Code  Gb  uart.o [1]
_ledPin                 0x000022    0x3  Data  Gb  led.o [1]
_ledPort                0x00001c    0x6  Data  Gb  led.o [1]
_millis                 0x0001da    0x4  Data  Gb  ticker.o [1]
assert_failed           0x009c9e    0x2  Code  Gb  main.o [1]
deviceInit              0x0098b2   0x31  Code  Gb  device.o [1]
deviceOff               0x009af4   0x1b  Code  Gb  device.o [1]
deviceOn                0x009b8b   0x15  Code  Gb  device.o [1]
deviceRead              0x009c06   0x13  Code  Gb  device.o [1]
eepromInit              0x009c53    0x9  Code  Gb  eeprom.o [1]
eepromRead              0x009a82   0x23  Code  Gb  eeprom.o [1]
eepromWrite             0x009a5f   0x23  Code  Gb  eeprom.o [1]
exit                    0x009c98    0x3  Code  Gb  exit.o [4]
frameRx                 0x0001ce    0x8  Data  Gb  task.o [1]
frameTx                 0x0001c6    0x8  Data  Gb  task.o [1]
free                    0x008c3f   0xc9  Code  Gb  xxmemxfree.o [4]
gBufferUART             0x000126   0x80  Data  Gb  uart.o [1]
gpioPinMode             0x009c8c    0x3  Code  Gb  gpio.o [1]
gpioReadPin             0x009c2c    0xf  Code  Gb  gpio.o [1]
gpioWritePin            0x009bca   0x14  Code  Gb  gpio.o [1]
ledInit                 0x009b0f   0x1b  Code  Gb  led.o [1]
main                    0x009ba0   0x15  Code  Gb  main.o [1]
malloc                  0x009094   0x92  Code  Gb  xxmemxmalloc.o [4]
pBufferUARTRead         0x0001e5    0x1  Data  Gb  uart.o [1]
pBufferUARTWrite        0x000025    0x1  Data  Gb  uart.o [1]
randomDeInit            0x009c8f    0x3  Code  Gb  random.o [1]
randomGenerate          0x0097d9   0x3a  Code  Gb  random.o [1]
randomInit              0x009972   0x2b  Code  Gb  random.o [1]
regInit                 0x009240   0x74  Code  Gb  reg.o [1]
regRead                 0x00938a   0x5b  Code  Gb  reg.o [1]
regWrite                0x008ea0   0xbc  Code  Gb  reg.o [1]
serialClearFrame        0x009813   0x38  Code  Gb  protocol.o [1]
serialGetFrame          0x0082a2  0x1e7  Code  Gb  protocol.o [1]
serialInit              0x009c48    0xb  Code  Gb  protocol.o [1]
serialSendFrame         0x009126   0x8f  Code  Gb  protocol.o [1]
taskActivate            0x008ffa   0x9a  Code  Gb  task.o [1]
taskDev2Reg             0x0092b4   0x73  Code  Gb  task.o [1]
taskInit                0x00959a   0x50  Code  Gb  task.o [1]
taskReg2Dev             0x0093e5   0x5b  Code  Gb  task.o [1]
taskSerialCmd           0x008b63   0xdc  Code  Gb  task.o [1]
tickerInit              0x009c5c    0x9  Code  Gb  ticker.o [1]
tickerIntHandler        0x009a15   0x25  Code  Gb  ticker.o [1]
timer2Init              0x009bb5   0x15  Code  Gb  timer.o [1]
timer2IntEnable         0x009c71    0x5  Code  Gb  timer.o [1]
timer2IntFlagClear      0x009c76    0x5  Code  Gb  timer.o [1]
uCaclCrcByte            0x00999d   0x28  Code  Gb  protocol.o [1]
uartAvailable           0x009b2a   0x1a  Code  Gb  uart.o [1]
uartInit                0x009a3a   0x25  Code  Gb  uart.o [1]
uartRead                0x0099c5   0x28  Code  Gb  uart.o [1]
uartRxIntHandler        0x00984b   0x34  Code  Gb  uart.o [1]
uartWriteByte           0x009b5d   0x18  Code  Gb  uart.o [1]


[1] = D:\workspaceNew\HGN_LVTN\Source\STM8S_Slave\Project\Debug\Obj
[2] = command line
[3] = dbgstm8smd.a
[4] = dlstm8smn.a

  6 865 bytes of readonly  code memory
    464 bytes of readonly  data memory
    742 bytes of readwrite data memory

Errors: none
Warnings: none
