###############################################################################
#
# IAR ELF Linker V3.10.1.201 for STM8                     02/Mar/2018  13:38:49
# Copyright 2010-2017 IAR Systems AB.
#
#    Output file  =  
#        D:\workspaceNew\HGN_LVTN\Source\STM8S_Slave\Project\Debug\Exe\STM8S_Slave.out
#    Map file     =  
#        D:\workspaceNew\HGN_LVTN\Source\STM8S_Slave\Project\Debug\List\STM8S_Slave.map
#    Command line =  
#        -f C:\Users\HgN\AppData\Local\Temp\EWC7E0.tmp
#        (D:\workspaceNew\HGN_LVTN\Source\STM8S_Slave\Project\Debug\Obj\button.o
#        D:\workspaceNew\HGN_LVTN\Source\STM8S_Slave\Project\Debug\Obj\device.o
#        D:\workspaceNew\HGN_LVTN\Source\STM8S_Slave\Project\Debug\Obj\ds18b20.o
#        D:\workspaceNew\HGN_LVTN\Source\STM8S_Slave\Project\Debug\Obj\eeprom.o
#        D:\workspaceNew\HGN_LVTN\Source\STM8S_Slave\Project\Debug\Obj\gpio.o
#        D:\workspaceNew\HGN_LVTN\Source\STM8S_Slave\Project\Debug\Obj\i2c.o
#        D:\workspaceNew\HGN_LVTN\Source\STM8S_Slave\Project\Debug\Obj\led.o
#        D:\workspaceNew\HGN_LVTN\Source\STM8S_Slave\Project\Debug\Obj\main.o
#        D:\workspaceNew\HGN_LVTN\Source\STM8S_Slave\Project\Debug\Obj\protocol.o
#        D:\workspaceNew\HGN_LVTN\Source\STM8S_Slave\Project\Debug\Obj\reg.o
#        D:\workspaceNew\HGN_LVTN\Source\STM8S_Slave\Project\Debug\Obj\stm8s_clk.o
#        D:\workspaceNew\HGN_LVTN\Source\STM8S_Slave\Project\Debug\Obj\stm8s_gpio.o
#        D:\workspaceNew\HGN_LVTN\Source\STM8S_Slave\Project\Debug\Obj\stm8s_i2c.o
#        D:\workspaceNew\HGN_LVTN\Source\STM8S_Slave\Project\Debug\Obj\stm8s_tim2.o
#        D:\workspaceNew\HGN_LVTN\Source\STM8S_Slave\Project\Debug\Obj\stm8s_tim4.o
#        D:\workspaceNew\HGN_LVTN\Source\STM8S_Slave\Project\Debug\Obj\stm8s_uart1.o
#        D:\workspaceNew\HGN_LVTN\Source\STM8S_Slave\Project\Debug\Obj\task.o
#        D:\workspaceNew\HGN_LVTN\Source\STM8S_Slave\Project\Debug\Obj\ticker.o
#        D:\workspaceNew\HGN_LVTN\Source\STM8S_Slave\Project\Debug\Obj\timer.o
#        D:\workspaceNew\HGN_LVTN\Source\STM8S_Slave\Project\Debug\Obj\uart.o
#        --redirect _Printf=_PrintfSmall --redirect _Scanf=_ScanfSmall -o
#        D:\workspaceNew\HGN_LVTN\Source\STM8S_Slave\Project\Debug\Exe\STM8S_Slave.out
#        --map
#        D:\workspaceNew\HGN_LVTN\Source\STM8S_Slave\Project\Debug\List\STM8S_Slave.map
#        --config D:\App\IAR\stm8\config\lnkstm8.icf --config_def
#        _CSTACK_SIZE=0x100 --config_def _HEAP_SIZE=0x100 --entry
#        __iar_program_start --debug_lib)
#
###############################################################################

*******************************************************************************
*** RUNTIME MODEL ATTRIBUTES
***

__Heap_Handler             = Basic
__SystemLibrary            = DLib
__code_model               = small
__core                     = stm8
__data_model               = medium
__dlib_file_descriptor     = 0
__dlib_full_locale_support = 0
__rt_version               = 4


*******************************************************************************
*** PLACEMENT SUMMARY
***

"A0":  place at start of [0x000000-0x0000ff] { rw section .vregs };
"A1":  place at end of [0x000000-0x0017ff] { block CSTACK };
"P2":  place in [from 0x000000 to 0x0017ff] {
          block HEAP, rw section .far.bss, rw section .far.data,
          rw section .far.noinit, rw section .far_func.textrw,
          rw section .huge.bss, rw section .huge.data, rw section .huge.noinit,
          rw section .huge_func.textrw, rw section .iar.dynexit,
          rw section .near.bss, rw section .near.data, rw section .near.noinit,
          rw section .near_func.textrw };
"A2":  place at start of [0x008000-0x00ffff] { block INTVEC };
"P3":  place in [from 0x008000 to 0x00ffff] {
          ro section .far.data_init, ro section .far_func.textrw_init,
          ro section .huge.data_init, ro section .huge_func.textrw_init,
          ro section .iar.init_table, ro section .init_array,
          ro section .near.data_init, ro section .near.rodata,
          ro section .near_func.text, ro section .near_func.textrw_init,
          ro section .tiny.data_init, ro section .tiny.rodata_init };
do not initialize {
   rw section .far.noinit, rw section .huge.noinit, rw section .near.noinit,
   rw section .tiny.noinit, rw section .vregs };
initialize by copy {
   rw section .far.bss, rw section .far.data, rw section .far_func.textrw,
   rw section .huge.bss, rw section .huge.data, rw section .huge_func.textrw,
   rw section .iar.dynexit, rw section .near.bss, rw section .near.data,
   rw section .near_func.textrw, rw section .tiny.bss, rw section .tiny.data,
   ro section .tiny.rodata };

  Section            Kind      Address    Size  Object
  -------            ----      -------    ----  ------
"A0":                                     0x10
  .vregs             uninit   0x000000    0x10  vregs.o [4]
                            - 0x000010    0x10

"P2", part 1 of 3:                        0x1a
  P2-1                        0x000010    0x1a  <Init block>
    .near.data       inited   0x000010     0x8  button.o [1]
    .near.data       inited   0x000018     0x4  button.o [1]
    .near.data       inited   0x00001c     0x4  button.o [1]
    .near.data       inited   0x000020     0x6  led.o [1]
    .near.data       inited   0x000026     0x3  led.o [1]
    .near.data       inited   0x000029     0x1  uart.o [1]
                            - 0x00002a    0x1a

"P2", part 2 of 3:                       0x100
  HEAP                        0x00002a   0x100  <Block>
    HEAP             uninit   0x00002a   0x100  <Block tail>
                            - 0x00012a   0x100

"P2", part 3 of 3:                        0xcc
  .near.bss          zero     0x00012a    0x80  uart.o [1]
  .near.bss          zero     0x0001aa    0x20  reg.o [1]
  .near.bss          zero     0x0001ca     0x8  task.o [1]
  .near.bss          zero     0x0001d2     0x8  task.o [1]
  .near.bss          zero     0x0001da     0x4  button.o [1]
  .near.bss          zero     0x0001de     0x4  button.o [1]
  .near.bss          zero     0x0001e2     0x4  reg.o [1]
  .near.bss          zero     0x0001e6     0x4  task.o [1]
  .near.bss          zero     0x0001ea     0x4  ticker.o [1]
  .near.bss          zero     0x0001ee     0x4  xxmemxmalloc.o [4]
  .near.bss          zero     0x0001f2     0x2  xgetmemchunk.o [4]
  .near.bss          zero     0x0001f4     0x1  reg.o [1]
  .near.bss          zero     0x0001f5     0x1  uart.o [1]
                            - 0x0001f6    0xcc

"A1":                                    0x100
  CSTACK                      0x001700   0x100  <Block>
    CSTACK           uninit   0x001700   0x100  <Block tail>
                            - 0x001800   0x100

"A2":                                     0x80
  INTVEC                      0x008000    0x80  <Block>
    .intvec          const    0x008000    0x80  interrupt.o [4]
                            - 0x008080    0x80

"P3":                                   0x198d
  .near_func.text    ro code  0x008080   0x2bd  float.o [4]
  .near_func.text    ro code  0x00833d   0x222  stm8s_uart1.o [1]
  .near_func.text    ro code  0x00855f   0x1fa  protocol.o [1]
  .near_func.text    ro code  0x008759   0x1b2  ds18b20.o [1]
  .near_func.text    ro code  0x00890b   0x157  long.o [4]
  .near_func.text    ro code  0x008a62   0x120  vreg_util.o [4]
  .near_func.text    ro code  0x008b82   0x110  stm8s_gpio.o [1]
  .near_func.text    ro code  0x008c92    0xdc  task.o [1]
  .near_func.text    ro code  0x008d6e    0xd3  xxmemxfree.o [4]
  .near_func.text    ro code  0x008e41    0xd0  stm8s_uart1.o [1]
  .near_func.text    ro code  0x008f11    0xbc  reg.o [1]
  .near_func.text    ro code  0x008fcd    0x9e  stm8s_uart1.o [1]
  .near_func.text    ro code  0x00906b    0x92  xxmemxmalloc.o [4]
  .near_func.text    ro code  0x0090fd    0x91  button.o [1]
  .near_func.text    ro code  0x00918e    0x8f  protocol.o [1]
  .near_func.text    ro code  0x00921d    0x8b  stm8s_clk.o [1]
  .near_func.text    ro code  0x0092a8    0x77  task.o [1]
  .near_func.text    ro code  0x00931f    0x74  reg.o [1]
  .near_func.text    ro code  0x009393    0x63  xxmemxmalloc.o [4]
  .near_func.text    ro code  0x0093f6    0x5b  reg.o [1]
  .near_func.text    ro code  0x009451    0x57  stm8s_clk.o [1]
  .near_func.text    ro code  0x0094a8    0x4f  stm8s_clk.o [1]
  .near.rodata       const    0x0094f7    0x48  stm8s_uart1.o [1]
  .near.rodata       const    0x00953f    0x47  stm8s_gpio.o [1]
  .near_func.text    ro code  0x009586    0x47  task.o [1]
  .near_func.text    ro code  0x0095cd    0x47  long_util.o [4]
  .near.rodata       const    0x009614    0x46  stm8s_clk.o [1]
  .near_func.text    ro code  0x00965a    0x3d  stm8s_clk.o [1]
  .near_func.text    ro code  0x009697    0x38  protocol.o [1]
  .near_func.text    ro code  0x0096cf    0x34  uart.o [1]
  .near_func.text    ro code  0x009703    0x33  dc_util.o [4]
  .near_func.text    ro code  0x009736    0x2f  stm8s_clk.o [1]
  .near_func.text    ro code  0x009765    0x28  protocol.o [1]
  .near_func.text    ro code  0x00978d    0x28  uart.o [1]
  .near_func.text    ro code  0x0097b5    0x28  init_small.o [4]
  .near_func.text    ro code  0x0097dd    0x25  ticker.o [1]
  .near_func.text    ro code  0x009802    0x25  uart.o [1]
  .near_func.text    ro code  0x009827    0x23  eeprom.o [1]
  .near_func.text    ro code  0x00984a    0x23  eeprom.o [1]
  .iar.init_table    const    0x00986d    0x12  - Linker created -
  .near_func.text    ro code  0x00987f    0x1e  init_small.o [4]
  .near_func.text    ro code  0x00989d    0x1b  led.o [1]
  .near_func.text    ro code  0x0098b8    0x1a  uart.o [1]
  Initializer bytes  const    0x0098d2    0x1a  <for P2-1>
  .near_func.text    ro code  0x0098ec    0x19  xgetmemchunk.o [4]
  .near_func.text    ro code  0x009905    0x18  uart.o [1]
  .near_func.text    ro code  0x00991d    0x18  short.o [4]
  .near_func.text    ro code  0x009935    0x15  button.o [1]
  .near_func.text    ro code  0x00994a    0x15  timer.o [1]
  .near_func.text    ro code  0x00995f    0x14  init.o [4]
  .near_func.text    ro code  0x009973    0x14  __dbg_xxexit.o [3]
  .near_func.text    ro code  0x009987    0x13  cstartup.o [4]
  .near_func.text    ro code  0x00999a     0xf  gpio.o [1]
  .near_func.text    ro code  0x0099a9     0xe  main.o [1]
  .near_func.text    ro code  0x0099b7     0xb  protocol.o [1]
  .near_func.text    ro code  0x0099c2     0x9  eeprom.o [1]
  .near_func.text    ro code  0x0099cb     0x9  ticker.o [1]
  .near_func.text    ro code  0x0099d4     0x7  xxmemxmalloc.o [4]
  .near_func.text    ro code  0x0099db     0x6  ds18b20.o [1]
  .near_func.text    ro code  0x0099e1     0x6  ticker.o [1]
  .near_func.text    ro code  0x0099e7     0x5  timer.o [1]
  .near_func.text    ro code  0x0099ec     0x5  timer.o [1]
  .near_func.text    ro code  0x0099f1     0x5  cexit.o [4]
  .near.rodata       const    0x0099f6     0x4  stm8s_clk.o [1]
  .near_func.text    ro code  0x0099fa     0x3  gpio.o [1]
  .near_func.text    ro code  0x0099fd     0x3  interrupt.o [4]
  .near_func.text    ro code  0x009a00     0x3  low_level_init.o [4]
  .near_func.text    ro code  0x009a03     0x3  exit.o [4]
  .near_func.text    ro code  0x009a06     0x3  unhandled_exception.o [4]
  .near_func.text    ro code  0x009a09     0x2  main.o [1]
  .near_func.text    ro code  0x009a0b     0x1  task.o [1]
  .near_func.text    ro code  0x009a0c     0x1  __dbg_break.o [3]
                            - 0x009a0d  0x198d


*******************************************************************************
*** INIT TABLE
***

          Address   Size
          -------   ----
Zero (__iar_zero_init2)
    1 destination range, total size 0xcc:
          0x00012a  0xcc

Copy (__iar_copy_init2)
    1 source range, total size 0x1a:
          0x0098d2  0x1a
    1 destination range, total size 0x1a:
          0x000010  0x1a



*******************************************************************************
*** MODULE SUMMARY
***

    Module                 ro code  ro data  rw data
    ------                 -------  -------  -------
D:\workspaceNew\HGN_LVTN\Source\STM8S_Slave\Project\Debug\Obj: [1]
    button.o                   166       16       24
    ds18b20.o                  440
    eeprom.o                    79
    gpio.o                      18
    led.o                       27        9        9
    main.o                      16
    protocol.o                 756
    reg.o                      395                37
    stm8s_clk.o                413       74
    stm8s_gpio.o               272       71
    stm8s_uart1.o              912       72
    task.o                     411                20
    ticker.o                    52                 4
    timer.o                     31
    uart.o                     179        1      130
    ------------------------------------------------
    Total:                   4 167      243      224

command line: [2]
    ------------------------------------------------
    Total:

dbgstm8smd.a: [3]
    __dbg_break.o                1
    __dbg_xxexit.o              20
    ------------------------------------------------
    Total:                      21

dlstm8smn.a: [4]
    cexit.o                      5
    cstartup.o                  19
    dc_util.o                   51
    exit.o                       3
    float.o                    701
    init.o                      20
    init_small.o                70
    interrupt.o                  3      128
    long.o                     343
    long_util.o                 71
    low_level_init.o             3
    short.o                     24
    unhandled_exception.o        3
    vreg_util.o                288
    vregs.o                                       16
    xgetmemchunk.o              25                 2
    xxmemxfree.o               211
    xxmemxmalloc.o             252                 4
    ------------------------------------------------
    Total:                   2 092      128       22

    Linker created                       18      512
----------------------------------------------------
    Grand Total:             6 280      389      758


*******************************************************************************
*** ENTRY LIST
***

Entry                    Address   Size  Type      Object
-----                    -------   ----  ----      ------
.iar.init_table$$Base   0x00986d          --   Gb  - Linker created -
.iar.init_table$$Limit  0x00987f          --   Gb  - Linker created -
?b0                     0x000000         Data  Gb  vregs.o [4]
?b1                     0x000001         Data  Gb  vregs.o [4]
?b10                    0x00000a         Data  Gb  vregs.o [4]
?b11                    0x00000b         Data  Gb  vregs.o [4]
?b12                    0x00000c         Data  Gb  vregs.o [4]
?b13                    0x00000d         Data  Gb  vregs.o [4]
?b14                    0x00000e         Data  Gb  vregs.o [4]
?b15                    0x00000f         Data  Gb  vregs.o [4]
?b2                     0x000002         Data  Gb  vregs.o [4]
?b3                     0x000003         Data  Gb  vregs.o [4]
?b4                     0x000004         Data  Gb  vregs.o [4]
?b5                     0x000005         Data  Gb  vregs.o [4]
?b6                     0x000006         Data  Gb  vregs.o [4]
?b7                     0x000007         Data  Gb  vregs.o [4]
?b8                     0x000008         Data  Gb  vregs.o [4]
?b9                     0x000009         Data  Gb  vregs.o [4]
?dc16_w0                0x009703         Code  Gb  dc_util.o [4]
?dc32_l0                0x009711         Code  Gb  dc_util.o [4]
?dc32_l1                0x00971e         Code  Gb  dc_util.o [4]
?dc32_px                0x00972b         Code  Gb  dc_util.o [4]
?dec32_0x_0x            0x008923         Code  Gb  long.o [4]
?dec32_l0_l0            0x00891e         Code  Gb  long.o [4]
?e0                     0x000001         Data  Gb  vregs.o [4]
?e1                     0x000005         Data  Gb  vregs.o [4]
?e2                     0x000009         Data  Gb  vregs.o [4]
?e3                     0x00000d         Data  Gb  vregs.o [4]
?epilogue_l2            0x008afd         Code  Gb  vreg_util.o [4]
?epilogue_l2_l3         0x008afa         Code  Gb  vreg_util.o [4]
?epilogue_l2_w6         0x008b01         Code  Gb  vreg_util.o [4]
?epilogue_w4            0x008b08         Code  Gb  vreg_util.o [4]
?fcastf32u16_l0_x       0x0081fd         Code  Gb  float.o [4]
?fcasts16f32_x_l0       0x00821b         Code  Gb  float.o [4]
?fcmpeq32_c_l0_0x       0x0081d8         Code  Gb  float.o [4]
?fcmpeq32_c_l0_dc32     0x0081d3         Code  Gb  float.o [4]
?fdiv32_l0_l0_dc32      0x008120         Code  Gb  float.o [4]
?fdiv32_l0_l0_l1        0x008125         Code  Gb  float.o [4]
?fmul32_l0_l0_dc32      0x008080         Code  Gb  float.o [4]
?fmul32_l0_l0_l1        0x008085         Code  Gb  float.o [4]
?inc32_0x_0x            0x008910         Code  Gb  long.o [4]
?inc32_l0_l0            0x00890b         Code  Gb  long.o [4]
?l0                     0x000000         Data  Gb  vregs.o [4]
?l1                     0x000004         Data  Gb  vregs.o [4]
?l2                     0x000008         Data  Gb  vregs.o [4]
?l3                     0x00000c         Data  Gb  vregs.o [4]
?load32_0x_l0           0x009606         Code  Gb  long_util.o [4]
?load32_asp_l0          0x0095fa         Code  Gb  long_util.o [4]
?load32_dbsp_l0         0x0095f5         Code  Gb  long_util.o [4]
?load32_l0_0x           0x0095dd         Code  Gb  long_util.o [4]
?load32_l0_asp          0x0095d2         Code  Gb  long_util.o [4]
?load32_l0_dbsp         0x0095cd         Code  Gb  long_util.o [4]
?load32_l0_xsp          0x0095d4         Code  Gb  long_util.o [4]
?load32_l1_0x           0x0095e9         Code  Gb  long_util.o [4]
?load32_xsp_l0          0x0095fc         Code  Gb  long_util.o [4]
?mov_e0_e1              0x008b1d         Code  Gb  vreg_util.o [4]
?mov_e0_e2              0x008b2a         Code  Gb  vreg_util.o [4]
?mov_e0_e3              0x008b37         Code  Gb  vreg_util.o [4]
?mov_e1_e0              0x008b44         Code  Gb  vreg_util.o [4]
?mov_e1_e2              0x008b51         Code  Gb  vreg_util.o [4]
?mov_e1_e3              0x008b5e         Code  Gb  vreg_util.o [4]
?mov_e2_e0              0x008b6b         Code  Gb  vreg_util.o [4]
?mov_e3_e0              0x008b78         Code  Gb  vreg_util.o [4]
?mov_l0_l1              0x008b1a         Code  Gb  vreg_util.o [4]
?mov_l0_l2              0x008b27         Code  Gb  vreg_util.o [4]
?mov_l0_l3              0x008b34         Code  Gb  vreg_util.o [4]
?mov_l1_l0              0x008b41         Code  Gb  vreg_util.o [4]
?mov_l1_l2              0x008b4e         Code  Gb  vreg_util.o [4]
?mov_l1_l3              0x008b5b         Code  Gb  vreg_util.o [4]
?mov_l2_l0              0x008b68         Code  Gb  vreg_util.o [4]
?mov_l3_l0              0x008b75         Code  Gb  vreg_util.o [4]
?mov_w0_w3              0x008b0c         Code  Gb  vreg_util.o [4]
?mov_w1_w3              0x008b20         Code  Gb  vreg_util.o [4]
?mov_w1_w5              0x008b2d         Code  Gb  vreg_util.o [4]
?mov_w1_w7              0x008b3a         Code  Gb  vreg_util.o [4]
?mov_w2_w1              0x008b13         Code  Gb  vreg_util.o [4]
?mov_w3_w1              0x008b47         Code  Gb  vreg_util.o [4]
?mov_w3_w5              0x008b54         Code  Gb  vreg_util.o [4]
?mov_w3_w7              0x008b61         Code  Gb  vreg_util.o [4]
?mov_w5_w1              0x008b6e         Code  Gb  vreg_util.o [4]
?mov_w7_w1              0x008b7b         Code  Gb  vreg_util.o [4]
?mul32_l0_l0_0x         0x008955         Code  Gb  long.o [4]
?mul32_l0_l0_dl         0x008952         Code  Gb  long.o [4]
?mul32_l0_l0_l1         0x00895e         Code  Gb  long.o [4]
?pop_l0                 0x008ac6         Code  Gb  vreg_util.o [4]
?pop_l1                 0x008ad1         Code  Gb  vreg_util.o [4]
?pop_l2                 0x008adc         Code  Gb  vreg_util.o [4]
?pop_l3                 0x008ae7         Code  Gb  vreg_util.o [4]
?pop_w4                 0x008a7f         Code  Gb  vreg_util.o [4]
?pop_w6                 0x008a86         Code  Gb  vreg_util.o [4]
?push_l0                0x008a95         Code  Gb  vreg_util.o [4]
?push_l1                0x008a9a         Code  Gb  vreg_util.o [4]
?push_l2                0x008a9f         Code  Gb  vreg_util.o [4]
?push_l3                0x008aa4         Code  Gb  vreg_util.o [4]
?push_w4                0x008a62         Code  Gb  vreg_util.o [4]
?push_w6                0x008a67         Code  Gb  vreg_util.o [4]
?sll16_x_x_a            0x009928         Code  Gb  short.o [4]
?sll32_0x_0x_a          0x008a54         Code  Gb  long.o [4]
?sll32_l0_l0_a          0x008a51         Code  Gb  long.o [4]
?srl16_x_x_4            0x009930         Code  Gb  short.o [4]
?sub32_l0_l0_0x         0x00893a         Code  Gb  long.o [4]
?sub32_l0_l0_l1         0x008937         Code  Gb  long.o [4]
?udiv32_l0_dl_l1        0x0089dc         Code  Gb  long.o [4]
?udiv32_l0_l0_dl        0x0089e1         Code  Gb  long.o [4]
?udiv32_l0_l0_l1        0x0089e4         Code  Gb  long.o [4]
?umod32_l1_l0_l1        0x0089e4         Code  Gb  long.o [4]
?w0                     0x000000         Data  Gb  vregs.o [4]
?w1                     0x000002         Data  Gb  vregs.o [4]
?w2                     0x000004         Data  Gb  vregs.o [4]
?w3                     0x000006         Data  Gb  vregs.o [4]
?w4                     0x000008         Data  Gb  vregs.o [4]
?w5                     0x00000a         Data  Gb  vregs.o [4]
?w6                     0x00000c         Data  Gb  vregs.o [4]
?w7                     0x00000e         Data  Gb  vregs.o [4]
?xor16_x_x_dw           0x00991d         Code  Gb  short.o [4]
?xor16_x_x_w0           0x009920         Code  Gb  short.o [4]
CLK_AdjustHSICalibrationValue
                        0x0094a8   0x4f  Code  Gb  stm8s_clk.o [1]
CLK_GetClockFreq        0x009451   0x57  Code  Gb  stm8s_clk.o [1]
CLK_HSICmd              0x009736   0x2f  Code  Gb  stm8s_clk.o [1]
CLK_HSIPrescalerConfig  0x00965a   0x3d  Code  Gb  stm8s_clk.o [1]
CLK_SYSCLKConfig        0x00921d   0x8b  Code  Gb  stm8s_clk.o [1]
CSTACK$$Base            0x001700          --   Gb  - Linker created -
CSTACK$$Limit           0x001800          --   Gb  - Linker created -
GPIO_Init               0x008b82  0x110  Code  Gb  stm8s_gpio.o [1]
HEAP$$Base              0x00002a          --   Gb  - Linker created -
HEAP$$Limit             0x00012a          --   Gb  - Linker created -
HSIDivFactor            0x0099f6    0x4  Data  Gb  stm8s_clk.o [1]
INTVEC$$Base            0x008000          --   Gb  - Linker created -
INTVEC$$Limit           0x008080          --   Gb  - Linker created -
REG_CONFIG              0x0001f4    0x1  Data  Gb  reg.o [1]
REG_RO                  0x0001e2    0x4  Data  Gb  reg.o [1]
REG_RW                  0x0001aa   0x20  Data  Gb  reg.o [1]
Region$$Table$$Base     0x00986d          --   Gb  - Linker created -
Region$$Table$$Limit    0x00987f          --   Gb  - Linker created -
UART1_GetFlagStatus     0x008fcd   0x9e  Code  Gb  stm8s_uart1.o [1]
UART1_ITConfig          0x008e41   0xd0  Code  Gb  stm8s_uart1.o [1]
UART1_Init              0x00833d  0x222  Code  Gb  stm8s_uart1.o [1]
__DebugBreak            0x009a0c    0x1  Code  Gb  __dbg_break.o [3]
__exit                  0x009973   0x14  Code  Gb  __dbg_xxexit.o [3]
__iar_copy_init2        0x0097b5         Code  Gb  init_small.o [4]
__iar_data_init2        0x00995f   0x14  Code  Gb  init.o [4]
__iar_program_start     0x009987         Code  Gb  cstartup.o [4]
__iar_unhandled_exception
                        0x009a06         Code  Gb  unhandled_exception.o [4]
__iar_zero_init2        0x00987f         Code  Gb  init_small.o [4]
__intvec                0x008000         Data  Gb  interrupt.o [4]
__low_level_init        0x009a00    0x3  Code  Gb  low_level_init.o [4]
__near_Aldata           0x0001ee    0x4  Data  Gb  xxmemxmalloc.o [4]
__near_GetMemChunk      0x0098ec   0x19  Code  Gb  xgetmemchunk.o [4]
__near_GetMemChunk::start
                        0x0001f2    0x2  Data  Lc  xgetmemchunk.o [4]
__near_findmem          0x009393   0x63  Code  Lc  xxmemxmalloc.o [4]
_buttonPin              0x000018    0x4  Data  Gb  button.o [1]
_buttonPort             0x000010    0x8  Data  Gb  button.o [1]
_exit                   0x0099f1         Code  Gb  cexit.o [4]
_interrupt_15           0x0097dd         Code  Gb  ticker.o [1]
_interrupt_20           0x0096cf         Code  Gb  uart.o [1]
_ledPin                 0x000026    0x3  Data  Gb  led.o [1]
_ledPort                0x000020    0x6  Data  Gb  led.o [1]
_millis                 0x0001ea    0x4  Data  Gb  ticker.o [1]
assert_failed           0x009a09    0x2  Code  Gb  main.o [1]
buttonInit              0x009935   0x15  Code  Gb  button.o [1]
buttonReadLevel         0x0090fd   0x91  Code  Gb  button.o [1]
buttonReadLevel::vFilter
                        0x0001da    0x4  Data  Lc  button.o [1]
buttonReadLevel::vLastStatus
                        0x00001c    0x4  Data  Lc  button.o [1]
buttonReadLevel::vTime  0x0001de    0x4  Data  Lc  button.o [1]
ds18b20Delay            0x008759   0x1b  Code  Gb  ds18b20.o [1]
ds18b20Init             0x00880e   0x27  Code  Gb  ds18b20.o [1]
ds18b20Read             0x0099db    0x6  Code  Gb  ds18b20.o [1]
ds18b20ReadBit          0x0088ca   0x41  Code  Gb  ds18b20.o [1]
ds18b20ReadByte         0x008835   0x38  Code  Gb  ds18b20.o [1]
ds18b20ReadTemp         0x00886d   0x5d  Code  Gb  ds18b20.o [1]
ds18b20Reset            0x0087d3   0x3b  Code  Gb  ds18b20.o [1]
ds18b20WriteBit         0x008774   0x3b  Code  Gb  ds18b20.o [1]
ds18b20WriteByte        0x0087af   0x24  Code  Gb  ds18b20.o [1]
eepromInit              0x0099c2    0x9  Code  Gb  eeprom.o [1]
eepromRead              0x00984a   0x23  Code  Gb  eeprom.o [1]
eepromWrite             0x009827   0x23  Code  Gb  eeprom.o [1]
exit                    0x009a03    0x3  Code  Gb  exit.o [4]
frameRx                 0x0001d2    0x8  Data  Gb  task.o [1]
frameTx                 0x0001ca    0x8  Data  Gb  task.o [1]
free                    0x008d6e   0xc9  Code  Gb  xxmemxfree.o [4]
gBufferUART             0x00012a   0x80  Data  Gb  uart.o [1]
gpioPinMode             0x0099fa    0x3  Code  Gb  gpio.o [1]
gpioReadPin             0x00999a    0xf  Code  Gb  gpio.o [1]
ledInit                 0x00989d   0x1b  Code  Gb  led.o [1]
main                    0x0099a9    0xe  Code  Gb  main.o [1]
malloc                  0x00906b   0x92  Code  Gb  xxmemxmalloc.o [4]
pBufferUARTRead         0x0001f5    0x1  Data  Gb  uart.o [1]
pBufferUARTWrite        0x000029    0x1  Data  Gb  uart.o [1]
regInit                 0x00931f   0x74  Code  Gb  reg.o [1]
regRead                 0x0093f6   0x5b  Code  Gb  reg.o [1]
regWrite                0x008f11   0xbc  Code  Gb  reg.o [1]
serialClearFrame        0x009697   0x38  Code  Gb  protocol.o [1]
serialGetFrame          0x00855f  0x1fa  Code  Gb  protocol.o [1]
serialInit              0x0099b7    0xb  Code  Gb  protocol.o [1]
serialSendFrame         0x00918e   0x8f  Code  Gb  protocol.o [1]
taskDev2Reg             0x0092a8   0x77  Code  Gb  task.o [1]
taskDev2Reg::_time      0x0001e6    0x4  Data  Lc  task.o [1]
taskInit                0x009586   0x47  Code  Gb  task.o [1]
taskReg2Dev             0x009a0b    0x1  Code  Gb  task.o [1]
taskSerialCmd           0x008c92   0xdc  Code  Gb  task.o [1]
tickerInit              0x0099cb    0x9  Code  Gb  ticker.o [1]
tickerIntHandler        0x0097dd   0x25  Code  Gb  ticker.o [1]
tickerMillis            0x0099e1    0x6  Code  Gb  ticker.o [1]
timer2Init              0x00994a   0x15  Code  Gb  timer.o [1]
timer2IntEnable         0x0099e7    0x5  Code  Gb  timer.o [1]
timer2IntFlagClear      0x0099ec    0x5  Code  Gb  timer.o [1]
uCaclCrcByte            0x009765   0x28  Code  Gb  protocol.o [1]
uartAvailable           0x0098b8   0x1a  Code  Gb  uart.o [1]
uartInit                0x009802   0x25  Code  Gb  uart.o [1]
uartRead                0x00978d   0x28  Code  Gb  uart.o [1]
uartRxIntHandler        0x0096cf   0x34  Code  Gb  uart.o [1]
uartWriteByte           0x009905   0x18  Code  Gb  uart.o [1]


[1] = D:\workspaceNew\HGN_LVTN\Source\STM8S_Slave\Project\Debug\Obj
[2] = command line
[3] = dbgstm8smd.a
[4] = dlstm8smn.a

  6 280 bytes of readonly  code memory
    389 bytes of readonly  data memory
    758 bytes of readwrite data memory

Errors: none
Warnings: none
